####################
#..................#
#..................#
#...###............#
#.....#............#
#..@..#.<..........#
#...###............#
#..................#
#..................#
####################
Your move (u/d/l/r): ####################
#..................#
#..................#
#...###............#
#.....#............#
#.....#.<..........#
#..@###............#
#..................#
#..................#
####################
Your move (u/d/l/r): ####################
#..................#
#..................#
#...###............#
#.....#............#
#.....#.<..........#
#...###............#
#..@...............#
#..................#
####################
Your move (u/d/l/r): ####################
#..................#
#..................#
#...###............#
#.....#............#
#.....#.<..........#
#...###............#
#...@..............#
#..................#
####################
Your move (u/d/l/r): ####################
#..................#
#..................#
#...###............#
#.....#............#
#.....#.<..........#
#...###............#
#....@.............#
#..................#
####################
Your move (u/d/l/r): ####################
#..................#
#..................#
#...###............#
#.....#............#
#.....#.<..........#
#...###............#
#.....@............#
#..................#
####################
Your move (u/d/l/r): ####################
#..................#
#..................#
#...###............#
#.....#............#
#.....#.<..........#
#...###............#
#......@...........#
#..................#
####################
Your move (u/d/l/r): ####################
#..................#
#..................#
#...###............#
#.....#............#
#.....#.<..........#
#...###............#
#.......@..........#
#..................#
####################
Your move (u/d/l/r): ####################
#..................#
#..................#
#...###............#
#.....#............#
#.....#.<..........#
#...###.@..........#
#..................#
#..................#
####################
Your move (u/d/l/r): ####################
#..................#
#..................#
#...###............#
#.....#............#
#.....#.@..........#
#...###............#
#..................#
#..................#
####################
: Hero wins
